\set VERBOSITY terse
SET citus.next_shard_id TO 1504000;
SET citus.shard_replication_factor TO 1;
SET citus.enable_local_execution TO ON;
SET citus.log_local_commands TO ON;
CREATE SCHEMA citus_local_tables_test_schema;
SET search_path TO citus_local_tables_test_schema;
---------------------------------------------------------------------
------- citus local table creation -------
---------------------------------------------------------------------
-- ensure that coordinator is added to pg_dist_node
SET client_min_messages to ERROR;
SELECT 1 FROM master_add_node('localhost', :master_port, groupId => 0);
 ?column?
---------------------------------------------------------------------
        1
(1 row)

RESET client_min_messages;
CREATE TABLE citus_local_table_1 (a int);
-- this should work as coordinator is added to pg_dist_node
SELECT create_citus_local_table('citus_local_table_1');
 create_citus_local_table
---------------------------------------------------------------------

(1 row)

-- try to remove coordinator and observe failure as there exist a citus local table
SELECT 1 FROM master_remove_node('localhost', :master_port);
ERROR:  you cannot remove the primary node of a node group which has shard placements
DROP TABLE citus_local_table_1;
NOTICE:  executing the command locally: DROP TABLE IF EXISTS citus_local_tables_test_schema.citus_local_table_1_xxxxx CASCADE
-- this should work now as the citus local table is dropped
SELECT 1 FROM master_remove_node('localhost', :master_port);
 ?column?
---------------------------------------------------------------------
        1
(1 row)

CREATE TABLE citus_local_table_1 (a int primary key);
-- this should fail as coordinator is removed from pg_dist_node
SELECT create_citus_local_table('citus_local_table_1');
ERROR:  cannot create citus local table "citus_local_table_1", citus local tables can only be created from coordinator node if it is added as a worker node
-- let coordinator have citus local tables again for next tests
set client_min_messages to ERROR;
SELECT 1 FROM master_add_node('localhost', :master_port, groupId => 0);
 ?column?
---------------------------------------------------------------------
        1
(1 row)

RESET client_min_messages;
-- creating citus local table having no data initially would work
SELECT create_citus_local_table('citus_local_table_1');
 create_citus_local_table
---------------------------------------------------------------------

(1 row)

-- creating citus local table having data in it would also work
CREATE TABLE citus_local_table_2(a int primary key);
INSERT INTO citus_local_table_2 VALUES(1);
SELECT create_citus_local_table('citus_local_table_2');
 create_citus_local_table
---------------------------------------------------------------------

(1 row)

-- also create indexes on them
CREATE INDEX citus_local_table_1_idx ON citus_local_table_1(a);
NOTICE:  executing the command locally: CREATE  INDEX   citus_local_table_1_idx_1504001 ON citus_local_tables_test_schema.citus_local_table_1_1504001 USING btree (a )
CREATE INDEX citus_local_table_2_idx ON citus_local_table_2(a);
NOTICE:  executing the command locally: CREATE  INDEX   citus_local_table_2_idx_1504002 ON citus_local_tables_test_schema.citus_local_table_2_1504002 USING btree (a )
-- drop them for next tests
DROP TABLE citus_local_table_1, citus_local_table_2;
NOTICE:  executing the command locally: DROP TABLE IF EXISTS citus_local_tables_test_schema.citus_local_table_2_xxxxx CASCADE
NOTICE:  executing the command locally: DROP TABLE IF EXISTS citus_local_tables_test_schema.citus_local_table_1_xxxxx CASCADE
-- create indexes before creating the citus local tables
-- .. for an initially empty table
CREATE TABLE citus_local_table_1(a int);
CREATE INDEX citus_local_table_1_idx ON citus_local_table_1(a);
SELECT create_citus_local_table('citus_local_table_1');
 create_citus_local_table
---------------------------------------------------------------------

(1 row)

-- .. and for another table having data in it before creating citus local table
CREATE TABLE citus_local_table_2(a int);
INSERT INTO citus_local_table_2 VALUES(1);
CREATE INDEX citus_local_table_2_idx ON citus_local_table_2(a);
SELECT create_citus_local_table('citus_local_table_2');
 create_citus_local_table
---------------------------------------------------------------------

(1 row)

CREATE TABLE distributed_table (a int);
-- cannot create citus local table from an existing citus table
SELECT create_distributed_table('distributed_table', 'a');
 create_distributed_table
---------------------------------------------------------------------

(1 row)

-- this will error out
SELECT create_citus_local_table('distributed_table');
ERROR:  table "distributed_table" is already distributed
-- partitiond table tests --
CREATE TABLE partitioned_table(a int, b int) PARTITION BY RANGE (a);
CREATE TABLE partitioned_table_1 PARTITION OF partitioned_table FOR VALUES FROM (0) TO (10);
CREATE TABLE partitioned_table_2 PARTITION OF partitioned_table FOR VALUES FROM (10) TO (20);
-- cannot create partitioned citus local tables
SELECT create_citus_local_table('partitioned_table');
ERROR:  cannot create citus local table "partitioned_table", only regular tables and foreign tables are supported for citus local tables
-- cannot create citus local table as a partition of a local table
BEGIN;
  CREATE TABLE citus_local_table PARTITION OF partitioned_table FOR VALUES FROM (20) TO (30);
  -- this should fail
  SELECT create_citus_local_table('citus_local_table');
ERROR:  cannot create citus local table "citus_local_table", citus local tables cannot be partition of another table
ROLLBACK;
-- cannot create citus local table as a partition of a local table
-- via ALTER TABLE commands as well
BEGIN;
  CREATE TABLE citus_local_table (a int, b int);
  SELECT create_citus_local_table('citus_local_table');
 create_citus_local_table
---------------------------------------------------------------------

(1 row)

  -- this should fail
  ALTER TABLE partitioned_table ATTACH PARTITION citus_local_table FOR VALUES FROM (20) TO (30);
ERROR:  non-distributed tables cannot have distributed partitions
ROLLBACK;
-- cannot attach citus local table to a partitioned distributed table
BEGIN;
  SELECT create_distributed_table('partitioned_table', 'a');
 create_distributed_table
---------------------------------------------------------------------

(1 row)

  CREATE TABLE citus_local_table (a int, b int);
  SELECT create_citus_local_table('citus_local_table');
 create_citus_local_table
---------------------------------------------------------------------

(1 row)

  -- this should fail
  ALTER TABLE partitioned_table ATTACH PARTITION citus_local_table FOR VALUES FROM (20) TO (30);
ERROR:  distributed tables cannot have non-colocated distributed tables as a partition
ROLLBACK;
-- drop them for next tests
DROP TABLE citus_local_table_1, citus_local_table_2, distributed_table;
NOTICE:  executing the command locally: DROP TABLE IF EXISTS citus_local_tables_test_schema.citus_local_table_2_xxxxx CASCADE
NOTICE:  executing the command locally: DROP TABLE IF EXISTS citus_local_tables_test_schema.citus_local_table_1_xxxxx CASCADE
-- create test tables
CREATE TABLE citus_local_table_1 (a int primary key);
SELECT create_citus_local_table('citus_local_table_1');
 create_citus_local_table
---------------------------------------------------------------------

(1 row)

CREATE TABLE citus_local_table_2 (a int primary key);
SELECT create_citus_local_table('citus_local_table_2');
 create_citus_local_table
---------------------------------------------------------------------

(1 row)

CREATE TABLE local_table (a int primary key);
CREATE TABLE distributed_table (a int primary key);
SELECT create_distributed_table('distributed_table', 'a');
 create_distributed_table
---------------------------------------------------------------------

(1 row)

CREATE TABLE reference_table (a int primary key);
SELECT create_reference_table('reference_table');
 create_reference_table
---------------------------------------------------------------------

(1 row)

-- show that colociation of citus local tables are not supported for now
-- between citus local tables
SELECT mark_tables_colocated('citus_local_table_1', ARRAY['citus_local_table_2']);
ERROR:  citus local tables cannot be colocated with other tables
-- between citus local tables and reference tables
SELECT mark_tables_colocated('citus_local_table_1', ARRAY['reference_table']);
ERROR:  citus local tables cannot be colocated with other tables
SELECT mark_tables_colocated('reference_table', ARRAY['citus_local_table_1']);
ERROR:  citus local tables cannot be colocated with other tables
-- between citus local tables and distributed tables
SELECT mark_tables_colocated('citus_local_table_1', ARRAY['distributed_table']);
ERROR:  citus local tables cannot be colocated with other tables
SELECT mark_tables_colocated('distributed_table', ARRAY['citus_local_table_1']);
ERROR:  citus local tables cannot be colocated with other tables
---------------------------------------------------------------------
---- utility command execution ----
---------------------------------------------------------------------
-- any foreign key between citus local tables and other tables cannot be set for now
-- most should error out (for now with meaningless error messages)
-- between citus local tables
ALTER TABLE citus_local_table_1 ADD CONSTRAINT fkey_c_to_c FOREIGN KEY(a) references citus_local_table_2(a);
NOTICE:  executing the command locally: SELECT worker_apply_inter_shard_ddl_command (1504023, 'citus_local_tables_test_schema', 1504024, 'citus_local_tables_test_schema', 'ALTER TABLE citus_local_table_1 ADD CONSTRAINT fkey_c_to_c FOREIGN KEY(a) references citus_local_table_2(a);')
-- between citus local tables and reference tables
ALTER TABLE citus_local_table_1 ADD CONSTRAINT fkey_c_to_ref FOREIGN KEY(a) references reference_table(a);
NOTICE:  executing the command locally: SELECT worker_apply_inter_shard_ddl_command (1504023, 'citus_local_tables_test_schema', 1504029, 'citus_local_tables_test_schema', 'ALTER TABLE citus_local_table_1 ADD CONSTRAINT fkey_c_to_ref FOREIGN KEY(a) references reference_table(a);')
ALTER TABLE reference_table ADD CONSTRAINT fkey_ref_to_c FOREIGN KEY(a) references citus_local_table_1(a);
NOTICE:  executing the command locally: SELECT worker_apply_inter_shard_ddl_command (1504029, 'citus_local_tables_test_schema', 1504023, 'citus_local_tables_test_schema', 'ALTER TABLE reference_table ADD CONSTRAINT fkey_ref_to_c FOREIGN KEY(a) references citus_local_table_1(a);')
ERROR:  relation "citus_local_tables_test_schema.citus_local_table_1_1504023" does not exist
-- between citus local tables and distributed tables
ALTER TABLE citus_local_table_1 ADD CONSTRAINT fkey_c_to_dist FOREIGN KEY(a) references distributed_table(a);
ERROR:  cannot create foreign key constraint since foreign keys from reference tables to distributed tables are not supported
ALTER TABLE distributed_table ADD CONSTRAINT fkey_dist_to_c FOREIGN KEY(a) references citus_local_table_1(a);
ERROR:  relation "citus_local_tables_test_schema.citus_local_table_1_1504023" does not exist
-- between citus local tables and local tables
ALTER TABLE citus_local_table_1 ADD CONSTRAINT fkey_c_to_local FOREIGN KEY(a) references local_table(a);
ERROR:  cannot create foreign key constraint
ALTER TABLE local_table ADD CONSTRAINT fkey_local_to_c FOREIGN KEY(a) references citus_local_table_1(a);
-- cleanup at exit
DROP SCHEMA citus_local_tables_test_schema CASCADE;
NOTICE:  drop cascades to 9 other objects
